09:24:29 **** Incremental Build of configuration Debug for project frdmk32l2b_hello_word_hello_world ****
make -r -j12 all 
make[1]: Nothing to be done for 'main-build'.
Performing post-build steps
arm-none-eabi-size "frdmk32l2b_hello_word_hello_world.axf"; # arm-none-eabi-objcopy -v -O binary "frdmk32l2b_hello_word_hello_world.axf" "frdmk32l2b_hello_word_hello_world.bin" ; # checksum -p K32L2B31xxxxA -d "frdmk32l2b_hello_word_hello_world.bin";
   text	   data	    bss	    dec	    hex	filename
   9220	      4	   4448	  13672	   3568	frdmk32l2b_hello_word_hello_world.axf
 

09:24:29 Build Finished. 0 errors, 0 warnings. (took 265ms)

