17:22:51 **** Incremental Build of configuration Debug for project frdmk32l2b_led_led_blinky ****
make -r -j12 all 
make[1]: Nothing to be done for 'main-build'.
Performing post-build steps
arm-none-eabi-size "frdmk32l2b_led_led_blinky.axf"; # arm-none-eabi-objcopy -v -O binary "frdmk32l2b_led_led_blinky.axf" "frdmk32l2b_led_led_blinky.bin" ; # checksum -p K32L2B31xxxxA -d "frdmk32l2b_led_led_blinky.bin";
   text	   data	    bss	    dec	    hex	filename
   9904	      4	   4452	  14360	   3818	frdmk32l2b_led_led_blinky.axf
 

17:22:51 Build Finished. 0 errors, 0 warnings. (took 271ms)

