C:\Users\yoine\OneDrive - Universidad del Magdalena\Diplomado IoT\Actividades\Modulo 2\frdmk32l2b_led_led_blinky\CMSIS/core_cm0plus.h:779:22:__NVIC_DisableIRQ	16	static
C:\Users\yoine\OneDrive - Universidad del Magdalena\Diplomado IoT\Actividades\Modulo 2\frdmk32l2b_led_led_blinky\CMSIS/core_cm0plus.h:832:22:__NVIC_ClearPendingIRQ	16	static
C:\Users\yoine\OneDrive - Universidad del Magdalena\Diplomado IoT\Actividades\Modulo 2\frdmk32l2b_led_led_blinky\drivers/fsl_clock.h:470:20:CLOCK_SetLpuart0Clock	16	static
../board/board.c:25:6:BOARD_InitDebugConsole	16	static
../board/board.c:111:6:SystemInitHook	8	static
