C:\Users\yoine\OneDrive - Universidad del Magdalena\Diplomado IoT\Actividades\Modulo 2\frdmk32l2b_led_led_blinky\drivers/fsl_clock.h:629:20:CLOCK_SetSimSafeDivs	8	static
C:\Users\yoine\OneDrive - Universidad del Magdalena\Diplomado IoT\Actividades\Modulo 2\frdmk32l2b_led_led_blinky\drivers/fsl_smc.h:256:20:SMC_SetPowerModeProtection	16	static
C:\Users\yoine\OneDrive - Universidad del Magdalena\Diplomado IoT\Actividades\Modulo 2\frdmk32l2b_led_led_blinky\drivers/fsl_smc.h:275:33:SMC_GetPowerModeState	16	static
../board/clock_config.c:56:6:BOARD_InitBootClocks	8	static
../board/clock_config.c:130:6:BOARD_BootClockRUN	8	static
../board/clock_config.c:200:6:BOARD_BootClockVLPR	8	static
